// Bun Snapshot v1, https://goo.gl/fbAQLP

exports[`usos getCourses 1`] = `
[
  {
    "day": "poniedzi",
    "duration": {
      "hours": 1,
      "minutes": 45,
    },
    "frequency": "każd",
    "groupLink": "https://web.usos.pwr.edu.pl/kontroler.php?_action=katalog2/przedmioty/pokazZajecia&zaj_cyk_id=62139&gr_nr=7",
    "hourEndTime": {
      "hours": 11,
      "minutes": 0,
    },
    "hourStartTime": {
      "hours": 9,
      "minutes": 15,
    },
    "name": "L, gr. 7 (129, bud. C-6)",
    "nameExtended": "Zajęcia laboratoryjne, grupa 7",
    "person": "Natalia Piórkowska",
    "personLink": "https://web.usos.pwr.edu.pl/kontroler.php?_action=katalog2/osoby/pokazOsobe&os_id=252837",
  },
  {
    "day": "wtor",
    "duration": {
      "hours": 1,
      "minutes": 30,
    },
    "frequency": "każd",
    "groupLink": "https://web.usos.pwr.edu.pl/kontroler.php?_action=katalog2/przedmioty/pokazZajecia&zaj_cyk_id=62139&gr_nr=6",
    "hourEndTime": {
      "hours": 9,
      "minutes": 0,
    },
    "hourStartTime": {
      "hours": 7,
      "minutes": 30,
    },
    "name": "L, gr. 6 (127a, bud. D-2)",
    "nameExtended": "Zajęcia laboratoryjne, grupa 6",
    "person": "Natalia Piórkowska",
    "personLink": "https://web.usos.pwr.edu.pl/kontroler.php?_action=katalog2/osoby/pokazOsobe&os_id=252837",
  },
  {
    "day": "wtor",
    "duration": {
      "hours": 1,
      "minutes": 45,
    },
    "frequency": "każd",
    "groupLink": "https://web.usos.pwr.edu.pl/kontroler.php?_action=katalog2/przedmioty/pokazZajecia&zaj_cyk_id=62139&gr_nr=1",
    "hourEndTime": {
      "hours": 11,
      "minutes": 0,
    },
    "hourStartTime": {
      "hours": 9,
      "minutes": 15,
    },
    "name": "L, gr. 1 (333c, bud. D-2)",
    "nameExtended": "Zajęcia laboratoryjne, grupa 1",
    "person": "Iuliia Arkhangelska",
    "personLink": "https://web.usos.pwr.edu.pl/kontroler.php?_action=katalog2/osoby/pokazOsobe&os_id=1755",
  },
  {
    "day": "wtor",
    "duration": {
      "hours": 1,
      "minutes": 45,
    },
    "frequency": "każd",
    "groupLink": "https://web.usos.pwr.edu.pl/kontroler.php?_action=katalog2/przedmioty/pokazZajecia&zaj_cyk_id=62139&gr_nr=2",
    "hourEndTime": {
      "hours": 13,
      "minutes": 0,
    },
    "hourStartTime": {
      "hours": 11,
      "minutes": 15,
    },
    "name": "L, gr. 2 (333c, bud. D-2)",
    "nameExtended": "Zajęcia laboratoryjne, grupa 2",
    "person": "Iuliia Arkhangelska",
    "personLink": "https://web.usos.pwr.edu.pl/kontroler.php?_action=katalog2/osoby/pokazOsobe&os_id=1755",
  },
  {
    "day": "wtor",
    "duration": {
      "hours": 1,
      "minutes": 40,
    },
    "frequency": "każd",
    "groupLink": "https://web.usos.pwr.edu.pl/kontroler.php?_action=katalog2/przedmioty/pokazZajecia&zaj_cyk_id=62139&gr_nr=8",
    "hourEndTime": {
      "hours": 16,
      "minutes": 55,
    },
    "hourStartTime": {
      "hours": 15,
      "minutes": 15,
    },
    "name": "L, gr. 8 (127b, bud. D-2)",
    "nameExtended": "Zajęcia laboratoryjne, grupa 8",
    "person": "Iuliia Arkhangelska",
    "personLink": "https://web.usos.pwr.edu.pl/kontroler.php?_action=katalog2/osoby/pokazOsobe&os_id=1755",
  },
  {
    "day": "środ",
    "duration": {
      "hours": 1,
      "minutes": 40,
    },
    "frequency": "każd",
    "groupLink": "https://web.usos.pwr.edu.pl/kontroler.php?_action=katalog2/przedmioty/pokazZajecia&zaj_cyk_id=62139&gr_nr=3",
    "hourEndTime": {
      "hours": 20,
      "minutes": 35,
    },
    "hourStartTime": {
      "hours": 18,
      "minutes": 55,
    },
    "name": "L, gr. 3 (4.44, bud. B-4)",
    "nameExtended": "Zajęcia laboratoryjne, grupa 3",
    "person": "Marcin Jodłowiec",
    "personLink": "https://web.usos.pwr.edu.pl/kontroler.php?_action=katalog2/osoby/pokazOsobe&os_id=418832",
  },
  {
    "day": "czwart",
    "duration": {
      "hours": 1,
      "minutes": 30,
    },
    "frequency": "każd",
    "groupLink": "https://web.usos.pwr.edu.pl/kontroler.php?_action=katalog2/przedmioty/pokazZajecia&zaj_cyk_id=62139&gr_nr=4",
    "hourEndTime": {
      "hours": 18,
      "minutes": 45,
    },
    "hourStartTime": {
      "hours": 17,
      "minutes": 15,
    },
    "name": "L, gr. 4 (333b, bud. D-2)",
    "nameExtended": "Zajęcia laboratoryjne, grupa 4",
    "person": "Natalia Piórkowska",
    "personLink": "https://web.usos.pwr.edu.pl/kontroler.php?_action=katalog2/osoby/pokazOsobe&os_id=252837",
  },
  {
    "day": "czwart",
    "duration": {
      "hours": 1,
      "minutes": 40,
    },
    "frequency": "każd",
    "groupLink": "https://web.usos.pwr.edu.pl/kontroler.php?_action=katalog2/przedmioty/pokazZajecia&zaj_cyk_id=62139&gr_nr=5",
    "hourEndTime": {
      "hours": 20,
      "minutes": 35,
    },
    "hourStartTime": {
      "hours": 18,
      "minutes": 55,
    },
    "name": "L, gr. 5 (333b, bud. D-2)",
    "nameExtended": "Zajęcia laboratoryjne, grupa 5",
    "person": "Natalia Piórkowska",
    "personLink": "https://web.usos.pwr.edu.pl/kontroler.php?_action=katalog2/osoby/pokazOsobe&os_id=252837",
  },
]
`;
